[308月2026 02:59:47.097] [main/INFO] [cpw.mods.modlauncher.Launcher/MODLAUNCHER]: ModLauncher running: args [--launchTarget, forgeserverdev, --gameDir, ., --fml.fmlVersion, 4.0.42, --fml.mcVersion, 1.21.1, --fml.neoForgeVersion, 21.1.233, --fml.neoFormVersion, 20240808.144430, --nogui]
[308月2026 02:59:47.104] [main/INFO] [cpw.mods.modlauncher.Launcher/MODLAUNCHER]: JVM identified as Azul Systems, Inc. OpenJDK 64-Bit Server VM 21.0.11+10-LTS
[308月2026 02:59:47.106] [main/INFO] [cpw.mods.modlauncher.Launcher/MODLAUNCHER]: ModLauncher 11.0.5+main.901c6ea8 starting: java version 21.0.11 by Azul Systems, Inc.; OS Windows 11 arch amd64 version 10.0
[308月2026 02:59:47.276] [main/INFO] [net.neoforged.fml.loading.ImmediateWindowHandler/]: ImmediateWindowProvider not loading because launch target is forgeserverdev
[308月2026 02:59:47.370] [main/INFO] [mixin/]: SpongePowered MIXIN Subsystem Version=0.8.7 Source=union:/D:/Develop/gradle/repository/caches/modules-2/files-2.1/net.fabricmc/sponge-mixin/0.15.2+mixin.0.8.7/2af2f021d8e02a0220dc27a7a72b4666d66d44ca/sponge-mixin-0.15.2+mixin.0.8.7.jar%2394!/ Service=ModLauncher Env=SERVER
[308月2026 02:59:48.049] [main/INFO] [net.neoforged.fml.loading.moddiscovery.locators.JarInJarDependencyLocator/]: Found 2 dependencies adding them to mods collection
[308月2026 02:59:48.051] [main/INFO] [net.neoforged.fml.loading.moddiscovery.ModDiscoverer/]: 
     Mod List:
		Name Version (Mod Id)

		Bendy lib 5.1 (bendylib)
		GeckoLib 4 4.8.4 (geckolib)
		Jade 15.10.5+neoforge (jade)
		Minecraft 1.21.1 (minecraft)
		NeoForge 21.1.233 (neoforge)
		Player Animator 2.0.4+1.21.1 (playeranimator)
		RestraintDungeon 0.0.4 (restraint_dungeon)
[308月2026 02:59:49.960] [main/INFO] [mixin/]: Compatibility level set to JAVA_17
[308月2026 02:59:49.963] [main/INFO] [mixin/]: Compatibility level set to JAVA_21
[308月2026 02:59:49.987] [main/INFO] [cpw.mods.modlauncher.LaunchServiceHandler/MODLAUNCHER]: Launching target 'forgeserverdev' with arguments [--gameDir, ., --nogui]
[308月2026 02:59:50.184] [main/WARN] [mixin/]: Reference map 'geckolib.refmap.json' for geckolib.mixins.json could not be read. If this is a development environment you can ignore this message
[308月2026 02:59:52.294] [main/INFO] [MixinExtras|Service/]: Initializing MixinExtras via com.llamalad7.mixinextras.service.MixinExtrasServiceImpl(version=0.5.3).
[308月2026 02:59:59.644] [main/WARN] [net.minecraft.commands.Commands/]: Ambiguity between arguments [teleport, location] and [teleport, destination] with inputs: [0.1 -0.5 .9, 0 0 0]
[308月2026 02:59:59.645] [main/WARN] [net.minecraft.commands.Commands/]: Ambiguity between arguments [teleport, location] and [teleport, targets] with inputs: [0.1 -0.5 .9, 0 0 0]
[308月2026 02:59:59.648] [main/WARN] [net.minecraft.commands.Commands/]: Ambiguity between arguments [teleport, destination] and [teleport, targets] with inputs: [Player, 0123, @e, dd12be42-52a9-4a91-a8a1-11c01849e498]
[308月2026 02:59:59.650] [main/WARN] [net.minecraft.commands.Commands/]: Ambiguity between arguments [teleport, targets] and [teleport, destination] with inputs: [Player, 0123, dd12be42-52a9-4a91-a8a1-11c01849e498]
[308月2026 02:59:59.651] [main/WARN] [net.minecraft.commands.Commands/]: Ambiguity between arguments [teleport, targets, location] and [teleport, targets, destination] with inputs: [0.1 -0.5 .9, 0 0 0]
[308月2026 02:59:59.753] [modloading-worker-0/INFO] [net.neoforged.neoforge.common.NeoForgeMod/NEOFORGE-MOD]: NeoForge mod loading, version 21.1.233, for MC 1.21.1
[308月2026 03:00:01.462] [modloading-worker-0/INFO] [snownee.jade.Jade/]: Start loading plugin from snownee.jade.addon.vanilla.VanillaPlugin
[308月2026 03:00:01.513] [modloading-worker-0/INFO] [snownee.jade.Jade/]: Loaded plugin from snownee.jade.addon.vanilla.VanillaPlugin in 45.79 ms
[308月2026 03:00:01.513] [modloading-worker-0/INFO] [snownee.jade.Jade/]: Start loading plugin from snownee.jade.addon.universal.UniversalPlugin
[308月2026 03:00:01.522] [modloading-worker-0/INFO] [snownee.jade.Jade/]: Loaded plugin from snownee.jade.addon.universal.UniversalPlugin in 7.062 ms
[308月2026 03:00:01.522] [modloading-worker-0/INFO] [snownee.jade.Jade/]: Start loading plugin from snownee.jade.addon.debug.DebugPlugin
[308月2026 03:00:01.523] [modloading-worker-0/INFO] [snownee.jade.Jade/]: Loaded plugin from snownee.jade.addon.debug.DebugPlugin in 14.80 μs
[308月2026 03:00:01.524] [modloading-worker-0/INFO] [snownee.jade.Jade/]: Start loading plugin from snownee.jade.addon.core.CorePlugin
[308月2026 03:00:01.532] [modloading-worker-0/INFO] [snownee.jade.Jade/]: Loaded plugin from snownee.jade.addon.core.CorePlugin in 104.9 μs
[308月2026 03:00:01.532] [modloading-worker-0/INFO] [snownee.jade.Jade/]: Start loading plugin from snownee.jade.addon.access.AccessibilityPlugin
[308月2026 03:00:01.533] [modloading-worker-0/INFO] [snownee.jade.Jade/]: Loaded plugin from snownee.jade.addon.access.AccessibilityPlugin in 12.30 μs
[308月2026 03:00:01.533] [modloading-worker-0/INFO] [snownee.jade.Jade/]: Start loading plugin from com.twi.restraint_dungeon.compat.jade.ModPlugin
[308月2026 03:00:01.536] [modloading-worker-0/INFO] [snownee.jade.Jade/]: Loaded plugin from com.twi.restraint_dungeon.compat.jade.ModPlugin in 1.111 ms
[308月2026 03:00:01.788] [main/INFO] [com.mojang.authlib.yggdrasil.YggdrasilAuthenticationService/]: Environment: Environment[sessionHost=https://sessionserver.mojang.com, servicesHost=https://api.minecraftservices.com, name=PROD]
[308月2026 03:00:01.881] [main/WARN] [net.minecraft.server.packs.VanillaPackResourcesBuilder/]: Assets URL 'union:/D:/Develop/idea_project/RestraintDungeon/build/moddev/artifacts/neoforge-21.1.233.jar%23125!/assets/.mcassetsroot' uses unexpected schema
[308月2026 03:00:01.881] [main/WARN] [net.minecraft.server.packs.VanillaPackResourcesBuilder/]: Assets URL 'union:/D:/Develop/idea_project/RestraintDungeon/build/moddev/artifacts/neoforge-21.1.233.jar%23125!/data/.mcassetsroot' uses unexpected schema
[308月2026 03:00:03.256] [main/INFO] [net.minecraft.world.item.crafting.RecipeManager/]: Loaded 1360 recipes
[308月2026 03:00:03.477] [main/INFO] [net.minecraft.advancements.AdvancementTree/]: Loaded 1469 advancements
[308月2026 03:00:03.926] [Server thread/INFO] [net.minecraft.server.dedicated.DedicatedServer/]: Starting minecraft server version 1.21.1
[308月2026 03:00:03.926] [Server thread/INFO] [net.minecraft.server.dedicated.DedicatedServer/]: Loading properties
[308月2026 03:00:03.926] [Server thread/INFO] [net.minecraft.server.dedicated.DedicatedServer/]: Default game type: SURVIVAL
[308月2026 03:00:03.926] [Server thread/INFO] [net.minecraft.server.MinecraftServer/]: Generating keypair
[308月2026 03:00:03.991] [Server thread/INFO] [net.minecraft.server.dedicated.DedicatedServer/]: Starting Minecraft server on *:25565
[308月2026 03:00:04.126] [Server thread/INFO] [net.minecraft.server.network.ServerConnectionListener/]: Using default channel type
[308月2026 03:00:04.171] [Server thread/WARN] [net.minecraft.server.dedicated.DedicatedServer/]: **** SERVER IS RUNNING IN OFFLINE/INSECURE MODE!
[308月2026 03:00:04.171] [Server thread/WARN] [net.minecraft.server.dedicated.DedicatedServer/]: The server will make no attempt to authenticate usernames. Beware.
[308月2026 03:00:04.172] [Server thread/WARN] [net.minecraft.server.dedicated.DedicatedServer/]: While this makes the game possible to play without internet access, it also opens up the ability for hackers to connect with any username they choose.
[308月2026 03:00:04.172] [Server thread/WARN] [net.minecraft.server.dedicated.DedicatedServer/]: To change this, set "online-mode" to "true" in the server.properties file.
[308月2026 03:00:04.228] [Server thread/INFO] [net.minecraft.server.dedicated.DedicatedServer/]: Preparing level "world"
[308月2026 03:00:05.342] [Server thread/INFO] [net.minecraft.server.MinecraftServer/]: Preparing start region for dimension minecraft:overworld
[308月2026 03:00:05.733] [worldgen/INFO] [net.minecraft.server.level.progress.LoggerChunkProgressListener/]: Preparing spawn area: 0%
[308月2026 03:00:06.002] [Server thread/INFO] [net.minecraft.server.level.progress.LoggerChunkProgressListener/]: Time elapsed: 660 ms
[308月2026 03:00:06.003] [Server thread/INFO] [net.minecraft.server.dedicated.DedicatedServer/]: Done (1.807s)! For help, type "help"
[308月2026 03:00:06.059] [Server thread/INFO] [net.neoforged.neoforge.gametest.GameTestHooks/]: Enabled Gametest Namespaces: [restraint_dungeon]
[308月2026 03:00:06.071] [Server thread/INFO] [net.neoforged.neoforge.server.permission.PermissionAPI/]: Successfully initialized permission handler neoforge:default_handler
[308月2026 03:00:09.888] [Server thread/INFO] [net.minecraft.server.players.PlayerList/]: Thalia_April[/127.0.0.1:55703] logged in with entity id 60 at (-15.041355246737707, 64.0, 107.6882374988419)
[308月2026 03:00:10.044] [Server thread/INFO] [net.minecraft.server.MinecraftServer/]: Thalia_April joined the game
[308月2026 03:00:10.902] [Server thread/INFO] [net.minecraft.server.players.PlayerList/]: test[/127.0.0.1:55706] logged in with entity id 76 at (-17.5, 64.0, 108.5)
[308月2026 03:00:10.958] [Server thread/INFO] [net.minecraft.server.MinecraftServer/]: * 皮革项圈AAA * test  joined the game
[308月2026 03:00:15.697] [Server thread/WARN] [net.minecraft.server.MinecraftServer/]: Can't keep up! Is the server overloaded? Running 2021ms or 40 ticks behind
[308月2026 03:00:46.511] [Server thread/INFO] [net.minecraft.server.MinecraftServer/]: [Thalia_April: Applied effect Calm to * 皮革项圈AAA * test ]
[308月2026 03:00:55.617] [Server thread/INFO] [net.minecraft.server.MinecraftServer/]: [Thalia_April: Removed every effect from * 皮革项圈AAA * test ]
[308月2026 03:03:10.437] [Server thread/INFO] [net.minecraft.server.network.ServerGamePacketListenerImpl/]: test lost connection: Disconnected
[308月2026 03:03:10.438] [Server thread/INFO] [net.minecraft.server.MinecraftServer/]: * 皮革项圈AAA * test  left the game
[308月2026 03:03:11.230] [Server thread/INFO] [net.minecraft.server.network.ServerGamePacketListenerImpl/]: Thalia_April lost connection: Disconnected
[308月2026 03:03:11.231] [Server thread/INFO] [net.minecraft.server.MinecraftServer/]: Thalia_April left the game
